[     134ms] [INFO] %cDownload the React DevTools for a better development experience: https://react.dev/link/react-devtools font-weight:bold @ http://localhost:3030/_next/static/chunks/node_modules_next_dist_115brz8._.js:2477
[     187ms] [LOG] [HMR] connected @ http://localhost:3030/_next/static/chunks/node_modules_next_dist_115brz8._.js:2477
[  631167ms] [LOG] [Fast Refresh] rebuilding @ http://localhost:3030/_next/static/chunks/node_modules_next_dist_115brz8._.js:2477
[  631195ms] [LOG] [Fast Refresh] done in 17ms @ http://localhost:3030/_next/static/chunks/node_modules_next_dist_115brz8._.js:2477
[  707613ms] [LOG] [Fast Refresh] rebuilding @ http://localhost:3030/_next/static/chunks/node_modules_next_dist_115brz8._.js:2477
[  707639ms] [LOG] [Fast Refresh] done in 18ms @ http://localhost:3030/_next/static/chunks/node_modules_next_dist_115brz8._.js:2477
[  776490ms] [LOG] [Fast Refresh] rebuilding @ http://localhost:3030/_next/static/chunks/node_modules_next_dist_115brz8._.js:2477
[  776510ms] [LOG] [Fast Refresh] done in 31ms @ http://localhost:3030/_next/static/chunks/node_modules_next_dist_115brz8._.js:2477
[  816311ms] [LOG] [Fast Refresh] rebuilding @ http://localhost:3030/_next/static/chunks/node_modules_next_dist_115brz8._.js:2477
[  816333ms] [LOG] [Fast Refresh] done in 37ms @ http://localhost:3030/_next/static/chunks/node_modules_next_dist_115brz8._.js:2477
[  840276ms] [LOG] [Fast Refresh] rebuilding @ http://localhost:3030/_next/static/chunks/node_modules_next_dist_115brz8._.js:2477
[  840301ms] [LOG] [Fast Refresh] done in 18ms @ http://localhost:3030/_next/static/chunks/node_modules_next_dist_115brz8._.js:2477
[ 1003283ms] [LOG] [Fast Refresh] rebuilding @ http://localhost:3030/_next/static/chunks/node_modules_next_dist_115brz8._.js:2477
[ 1003293ms] [LOG] [Fast Refresh] done in 54ms @ http://localhost:3030/_next/static/chunks/node_modules_next_dist_115brz8._.js:2477
[ 1012135ms] [LOG] [Fast Refresh] rebuilding @ http://localhost:3030/_next/static/chunks/node_modules_next_dist_115brz8._.js:2477
[ 1012161ms] [LOG] [Fast Refresh] done in 17ms @ http://localhost:3030/_next/static/chunks/node_modules_next_dist_115brz8._.js:2477
[ 1019138ms] [LOG] [Fast Refresh] rebuilding @ http://localhost:3030/_next/static/chunks/node_modules_next_dist_115brz8._.js:2477
[ 1019163ms] [LOG] [Fast Refresh] done in 21ms @ http://localhost:3030/_next/static/chunks/node_modules_next_dist_115brz8._.js:2477
[ 1025918ms] [LOG] [Fast Refresh] rebuilding @ http://localhost:3030/_next/static/chunks/node_modules_next_dist_115brz8._.js:2477
[ 1025944ms] [LOG] [Fast Refresh] done in 16ms @ http://localhost:3030/_next/static/chunks/node_modules_next_dist_115brz8._.js:2477
